******************************************************************************
                  MSP430 Linker PC v4.4.5                      
******************************************************************************
>> Linked Wed Feb 03 14:04:53 2016

OUTPUT FILE NAME:   <arafe_slave_tester.out>
ENTRY POINT SYMBOL: "_c_int00_noargs_noexit"  address: 0000cf7e


MEMORY CONFIGURATION

         name            origin    length      used     unused   attr    fill
----------------------  --------  ---------  --------  --------  ----  --------
  SFR                   00000000   00000010  00000000  00000010  RWIX
  PERIPHERALS_8BIT      00000010   000000f0  00000000  000000f0  RWIX
  PERIPHERALS_16BIT     00000100   00000100  00000000  00000100  RWIX
  RAM                   00000200   00000200  0000010b  000000f5  RWIX
  INFOD                 00001000   00000040  00000000  00000040  RWIX
  INFOC                 00001040   00000040  00000000  00000040  RWIX
  INFOB                 00001080   00000040  00000000  00000040  RWIX
  INFOA                 000010c0   00000040  00000000  00000040  RWIX
  FLASH                 0000c000   00003fe0  000012cc  00002d14  RWIX
  INT00                 0000ffe0   00000002  00000002  00000000  RWIX
  INT01                 0000ffe2   00000002  00000000  00000002  RWIX
  INT02                 0000ffe4   00000002  00000002  00000000  RWIX
  INT03                 0000ffe6   00000002  00000002  00000000  RWIX
  INT04                 0000ffe8   00000002  00000000  00000002  RWIX
  INT05                 0000ffea   00000002  00000002  00000000  RWIX
  INT06                 0000ffec   00000002  00000002  00000000  RWIX
  INT07                 0000ffee   00000002  00000002  00000000  RWIX
  INT08                 0000fff0   00000002  00000002  00000000  RWIX
  INT09                 0000fff2   00000002  00000002  00000000  RWIX
  INT10                 0000fff4   00000002  00000002  00000000  RWIX
  INT11                 0000fff6   00000002  00000002  00000000  RWIX
  INT12                 0000fff8   00000002  00000002  00000000  RWIX
  INT13                 0000fffa   00000002  00000002  00000000  RWIX
  INT14                 0000fffc   00000002  00000002  00000000  RWIX
  RESET                 0000fffe   00000002  00000002  00000000  RWIX


SECTION ALLOCATION MAP

 output                                  attributes/
section   page    origin      length       input sections
--------  ----  ----------  ----------   ----------------
.TI.noinit 
*          0    00000200    000000ac     UNINITIALIZED
                  00000200    00000055     usci_uart.obj (.TI.noinit)
                  00000255    00000001     --HOLE--
                  00000256    00000040     cli.obj (.TI.noinit)
                  00000296    00000012     timer_uart.obj (.TI.noinit)
                  000002a8    00000002     arafe.obj (.TI.noinit)
                  000002aa    00000002     event2.obj (.TI.noinit)

.data      0    000002ac    0000000f     UNINITIALIZED
                  000002ac    00000006     arafe.obj (.data)
                  000002b2    00000004     cli.obj (.data)
                  000002b6    00000004     usci_uart.obj (.data)
                  000002ba    00000001     timer_uart.obj (.data)

.TI.persistent 
*          0    000002ac    00000000     UNINITIALIZED

.stack     0    000003b0    00000050     UNINITIALIZED
                  000003b0    00000002     rts430_eabi.lib : boot.obj (.stack)
                  000003b2    0000004e     --HOLE--

.text      0    0000c000    0000101a     
                  0000c000    00000754     arafe.obj (.text:arafe_tx_handler)
                  0000c754    0000016c     cli.obj (.text:cli_process_char)
                  0000c8c0    0000012c     usci_uart.obj (.text:usci_uart_printf)
                  0000c9ec    000000d8     cli_commands.obj (.text:check_arguments)
                  0000cac4    000000d0     main.obj (.text:main)
                  0000cb94    000000a4     timer_uart_asm.obj (.text)
                  0000cc38    0000007e     usci_uart_asm.obj (.text)
                  0000ccb6    00000070     usci_uart.obj (.text:usci_uart_xtoa$5)
                  0000cd26    00000058     rts430_eabi.lib : autoinit.obj (.text:_auto_init)
                  0000cd7e    0000003c     main.obj (.text:usci_rx_char)
                  0000cdba    00000030     cli_commands.obj (.text:cmd_5v)
                  0000cdea    0000002c     cli_commands.obj (.text:cmd_trig)
                  0000ce16    0000002c     cli_commands.obj (.text:cmd_write)
                  0000ce42    0000002c     rts430_eabi.lib : asr16.obj (.text)
                  0000ce6e    0000002c     usci_uart.obj (.text:usci_uart_tx_process)
                  0000ce9a    0000002a     cli_commands.obj (.text:cmd_control)
                  0000cec4    0000002a     cli_commands.obj (.text:cmd_read)
                  0000ceee    0000002a     cli_commands.obj (.text:cmd_sensor)
                  0000cf18    00000028     cli_commands.obj (.text:cmd_sig)
                  0000cf40    00000020     usci_uart.obj (.text:usci_uart_puts)
                  0000cf60    0000001e     usci_uart.obj (.text:usci_uart_puth$5)
                  0000cf7e    0000001a     rts430_eabi.lib : boot_special.obj (.text:_c_int00_noargs_noexit)
                  0000cf98    00000012     cli_commands.obj (.text:cmd_dump)
                  0000cfaa    00000012     rts430_eabi.lib : copy_decompress_none.obj (.text:decompress:none:__TI_decompress_none)
                  0000cfbc    00000010                     : memcpy.obj (.text:memcpy)
                  0000cfcc    00000010                     : epilog.obj (.text)
                  0000cfdc    00000010     timer_uart.obj (.text:timeout_isr)
                  0000cfec    0000000e     cli_commands.obj (.text:cmd_flash)
                  0000cffa    00000008     arafe.obj (.text:arafe_send_command)
                  0000d002    00000008     cli_commands.obj (.text:cli_print_prompt)
                  0000d00a    00000006     rts430_eabi.lib : isr_trap.obj (.text:_isr:__TI_ISR_TRAP)
                  0000d010    00000004                     : pre_init.obj (.text:_system_pre_init)
                  0000d014    00000004                     : exit.obj (.text:abort)
                  0000d018    00000002     main.obj (.text:event_ignore)

.const     0    0000d01a    00000298     
                  0000d01a    0000020c     <whole-program> (.const:.string)
                  0000d226    00000030     main.obj (.const:.string)
                  0000d256    00000028     usci_uart.obj (.const:usci_uart_dv$5)
                  0000d27e    00000024     cli.obj (.const:CommandTable$1)
                  0000d2a2    00000010     usci_uart.obj (.const:.string:hex$1$5)

.cinit     0    0000d2b2    0000001a     
                  0000d2b2    00000013     (.cinit..data.load) [load image]
                  0000d2c5    00000001     --HOLE-- [fill = 0]
                  0000d2c6    00000002     (__TI_handler_table)
                  0000d2c8    00000004     (__TI_cinit_table)

.init_array 
*          0    0000c000    00000000     UNINITIALIZED

TRAPINT    0    0000ffe0    00000002     
                  0000ffe0    00000002     rts430_eabi.lib : int00.obj (.int00)

PORT1      0    0000ffe4    00000002     
                  0000ffe4    00000002     rts430_eabi.lib : int02.obj (.int02)

PORT2      0    0000ffe6    00000002     
                  0000ffe6    00000002     rts430_eabi.lib : int03.obj (.int03)

ADC10      0    0000ffea    00000002     
                  0000ffea    00000002     rts430_eabi.lib : int05.obj (.int05)

USCIAB0TX 
*          0    0000ffec    00000002     
                  0000ffec    00000002     usci_uart_asm.obj (.int06)

USCIAB0RX 
*          0    0000ffee    00000002     
                  0000ffee    00000002     usci_uart_asm.obj (.int07)

TIMER0_A1 
*          0    0000fff0    00000002     
                  0000fff0    00000002     timer_uart_asm.obj (.int08)

TIMER0_A0 
*          0    0000fff2    00000002     
                  0000fff2    00000002     timer_uart_asm.obj (.int09)

WDT        0    0000fff4    00000002     
                  0000fff4    00000002     rts430_eabi.lib : int10.obj (.int10)

COMPARATORA 
*          0    0000fff6    00000002     
                  0000fff6    00000002     timer_uart_asm.obj (.int11)

TIMER1_A1 
*          0    0000fff8    00000002     
                  0000fff8    00000002     <whole-program> (.int12)

TIMER1_A0 
*          0    0000fffa    00000002     
                  0000fffa    00000002     rts430_eabi.lib : int13.obj (.int13)

NMI        0    0000fffc    00000002     
                  0000fffc    00000002     rts430_eabi.lib : int14.obj (.int14)

.reset     0    0000fffe    00000002     
                  0000fffe    00000002     rts430_eabi.lib : boot.obj (.reset)


LINKER GENERATED COPY TABLES

__TI_cinit_table @ 0000d2c8 records: 1, size/record: 4, table size: 4
	.data: load addr=0000d2b2, load size=00000013 bytes, run addr=000002ac, run size=0000000f bytes, compression=copy


LINKER GENERATED HANDLER TABLE

__TI_handler_table @ 0000d2c6 records: 1, size/record: 2, table size: 2
	index: 0, handler: __TI_decompress_none


GLOBAL SYMBOLS: SORTED ALPHABETICALLY BY Name 

address   name                         
-------   ----                         
0000004a  ADC10AE0                     
000001b0  ADC10CTL0                    
000001b2  ADC10CTL1                    
00000048  ADC10DTC0                    
00000049  ADC10DTC1                    
000001b4  ADC10MEM                     
000001bc  ADC10SA                      
00000057  BCSCTL1                      
00000058  BCSCTL2                      
00000053  BCSCTL3                      
0000d014  C$$EXIT                      
00000059  CACTL1                       
0000005a  CACTL2                       
000010fb  CALBC1_12MHZ                 
000010f9  CALBC1_16MHZ                 
000010ff  CALBC1_1MHZ                  
000010fd  CALBC1_8MHZ                  
000010fa  CALDCO_12MHZ                 
000010f8  CALDCO_16MHZ                 
000010fe  CALDCO_1MHZ                  
000010fc  CALDCO_8MHZ                  
0000005b  CAPD                         
00000056  DCOCTL                       
00000128  FCTL1                        
0000012a  FCTL2                        
0000012c  FCTL3                        
00000000  IE1                          
00000001  IE2                          
00000002  IFG1                         
00000003  IFG2                         
00000022  P1DIR                        
00000025  P1IE                         
00000024  P1IES                        
00000023  P1IFG                        
00000020  P1IN                         
00000021  P1OUT                        
00000027  P1REN                        
00000026  P1SEL                        
00000041  P1SEL2                       
0000002a  P2DIR                        
0000002d  P2IE                         
0000002c  P2IES                        
0000002b  P2IFG                        
00000028  P2IN                         
00000029  P2OUT                        
0000002f  P2REN                        
0000002e  P2SEL                        
00000042  P2SEL2                       
0000001a  P3DIR                        
00000018  P3IN                         
00000019  P3OUT                        
00000010  P3REN                        
0000001b  P3SEL                        
00000043  P3SEL2                       
00000172  TA0CCR0                      
00000174  TA0CCR1                      
00000176  TA0CCR2                      
00000162  TA0CCTL0                     
00000164  TA0CCTL1                     
00000166  TA0CCTL2                     
00000160  TA0CTL                       
0000012e  TA0IV                        
00000170  TA0R                         
00000192  TA1CCR0                      
00000194  TA1CCR1                      
00000196  TA1CCR2                      
00000182  TA1CCTL0                     
00000184  TA1CCTL1                     
00000186  TA1CCTL2                     
00000180  TA1CTL                       
0000011e  TA1IV                        
00000190  TA1R                         
000010db  TLV_ADC10_1_LEN              
000010da  TLV_ADC10_1_TAG              
000010c0  TLV_CHECKSUM                 
000010f7  TLV_DCO_30_LEN               
000010f6  TLV_DCO_30_TAG               
0000005d  UCA0ABCTL                    
00000062  UCA0BR0                      
00000063  UCA0BR1                      
00000060  UCA0CTL0                     
00000061  UCA0CTL1                     
0000005f  UCA0IRRCTL                   
0000005e  UCA0IRTCTL                   
00000064  UCA0MCTL                     
00000066  UCA0RXBUF                    
00000065  UCA0STAT                     
00000067  UCA0TXBUF                    
0000006a  UCB0BR0                      
0000006b  UCB0BR1                      
00000068  UCB0CTL0                     
00000069  UCB0CTL1                     
0000006c  UCB0I2CIE                    
00000118  UCB0I2COA                    
0000011a  UCB0I2CSA                    
0000006e  UCB0RXBUF                    
0000006d  UCB0STAT                     
0000006f  UCB0TXBUF                    
00000120  WDTCTL                       
00000400  __STACK_END                  
00000050  __STACK_SIZE                 
0000d2c8  __TI_CINIT_Base              
0000d2cc  __TI_CINIT_Limit             
0000d2c6  __TI_Handler_Table_Base      
0000d2c8  __TI_Handler_Table_Limit     
UNDEFED   __TI_INITARRAY_Base          
UNDEFED   __TI_INITARRAY_Limit         
0000d00a  __TI_ISR_TRAP                
0000cfaa  __TI_decompress_none         
0000ffe0  __TI_int00                   
0000ffe4  __TI_int02                   
0000ffe6  __TI_int03                   
0000ffea  __TI_int05                   
0000ffec  __TI_int06                   
0000ffee  __TI_int07                   
0000fff0  __TI_int08                   
0000fff2  __TI_int09                   
0000fff4  __TI_int10                   
0000fff6  __TI_int11                   
0000fff8  __TI_int12                   
0000fffa  __TI_int13                   
0000fffc  __TI_int14                   
ffffffff  __binit__                    
ffffffff  __c_args__                   
0000cfd8  __mspabi_func_epilog_1       
0000cfd6  __mspabi_func_epilog_2       
0000cfd4  __mspabi_func_epilog_3       
0000cfd2  __mspabi_func_epilog_4       
0000cfd0  __mspabi_func_epilog_5       
0000cfce  __mspabi_func_epilog_6       
0000cfcc  __mspabi_func_epilog_7       
0000ce42  __mspabi_srai                
0000ce6a  __mspabi_srai_1              
0000ce58  __mspabi_srai_10             
0000ce56  __mspabi_srai_11             
0000ce54  __mspabi_srai_12             
0000ce52  __mspabi_srai_13             
0000ce50  __mspabi_srai_14             
0000ce4e  __mspabi_srai_15             
0000ce68  __mspabi_srai_2              
0000ce66  __mspabi_srai_3              
0000ce64  __mspabi_srai_4              
0000ce62  __mspabi_srai_5              
0000ce60  __mspabi_srai_6              
0000ce5e  __mspabi_srai_7              
0000ce5c  __mspabi_srai_8              
0000ce5a  __mspabi_srai_9              
0000cd26  _auto_init                   
0000cf7e  _c_int00_noargs_noexit       
0000fffe  _reset_vector                
000003b0  _stack                       
0000d010  _system_pre_init             
0000d014  abort                        
000002a9  arafe_argument               
000002a8  arafe_command                
0000cffa  arafe_send_command           
0000c000  arafe_tx_handler             
ffffffff  binit                        
0000c9ec  check_arguments              
0000d002  cli_print_prompt             
0000c754  cli_process_char             
0000cdba  cmd_5v                       
0000ce9a  cmd_control                  
0000cf98  cmd_dump                     
0000cfec  cmd_flash                    
0000cec4  cmd_read                     
0000ceee  cmd_sensor                   
0000cf18  cmd_sig                      
0000cdea  cmd_trig                     
0000ce16  cmd_write                    
000002ac  dump_status                  
000002aa  event_head                   
0000d018  event_ignore                 
000002ae  m                            
0000cac4  main                         
0000cfbc  memcpy                       
000002a6  rx_bits                      
000002ba  rx_ok                        
0000029a  rxc                          
00000296  timeout_FLAG                 
0000cfdc  timeout_isr                  
000002a4  timer1_isr_next_step         
000002a0  timer_uart_rx_event          
0000029c  timer_uart_tx_event          
00000298  tx_char_pending              
0000cd7e  usci_rx_char                 
0000c8c0  usci_uart_printf             
0000cf40  usci_uart_puts               
0000024c  usci_uart_rx_buffer          
000002b8  usci_uart_rx_buffer_read_ptr 
000002b7  usci_uart_rx_buffer_write_ptr
00000248  usci_uart_rx_error_event     
00000240  usci_uart_rx_event           
00000200  usci_uart_tx_buffer          
000002b9  usci_uart_tx_buffer_read_ptr 
000002b6  usci_uart_tx_buffer_write_ptr
00000244  usci_uart_tx_event           
00000254  usci_uart_tx_pending         
0000ce6e  usci_uart_tx_process         


GLOBAL SYMBOLS: SORTED BY Symbol Address 

address   name                         
-------   ----                         
00000000  IE1                          
00000001  IE2                          
00000002  IFG1                         
00000003  IFG2                         
00000010  P3REN                        
00000018  P3IN                         
00000019  P3OUT                        
0000001a  P3DIR                        
0000001b  P3SEL                        
00000020  P1IN                         
00000021  P1OUT                        
00000022  P1DIR                        
00000023  P1IFG                        
00000024  P1IES                        
00000025  P1IE                         
00000026  P1SEL                        
00000027  P1REN                        
00000028  P2IN                         
00000029  P2OUT                        
0000002a  P2DIR                        
0000002b  P2IFG                        
0000002c  P2IES                        
0000002d  P2IE                         
0000002e  P2SEL                        
0000002f  P2REN                        
00000041  P1SEL2                       
00000042  P2SEL2                       
00000043  P3SEL2                       
00000048  ADC10DTC0                    
00000049  ADC10DTC1                    
0000004a  ADC10AE0                     
00000050  __STACK_SIZE                 
00000053  BCSCTL3                      
00000056  DCOCTL                       
00000057  BCSCTL1                      
00000058  BCSCTL2                      
00000059  CACTL1                       
0000005a  CACTL2                       
0000005b  CAPD                         
0000005d  UCA0ABCTL                    
0000005e  UCA0IRTCTL                   
0000005f  UCA0IRRCTL                   
00000060  UCA0CTL0                     
00000061  UCA0CTL1                     
00000062  UCA0BR0                      
00000063  UCA0BR1                      
00000064  UCA0MCTL                     
00000065  UCA0STAT                     
00000066  UCA0RXBUF                    
00000067  UCA0TXBUF                    
00000068  UCB0CTL0                     
00000069  UCB0CTL1                     
0000006a  UCB0BR0                      
0000006b  UCB0BR1                      
0000006c  UCB0I2CIE                    
0000006d  UCB0STAT                     
0000006e  UCB0RXBUF                    
0000006f  UCB0TXBUF                    
00000118  UCB0I2COA                    
0000011a  UCB0I2CSA                    
0000011e  TA1IV                        
00000120  WDTCTL                       
00000128  FCTL1                        
0000012a  FCTL2                        
0000012c  FCTL3                        
0000012e  TA0IV                        
00000160  TA0CTL                       
00000162  TA0CCTL0                     
00000164  TA0CCTL1                     
00000166  TA0CCTL2                     
00000170  TA0R                         
00000172  TA0CCR0                      
00000174  TA0CCR1                      
00000176  TA0CCR2                      
00000180  TA1CTL                       
00000182  TA1CCTL0                     
00000184  TA1CCTL1                     
00000186  TA1CCTL2                     
00000190  TA1R                         
00000192  TA1CCR0                      
00000194  TA1CCR1                      
00000196  TA1CCR2                      
000001b0  ADC10CTL0                    
000001b2  ADC10CTL1                    
000001b4  ADC10MEM                     
000001bc  ADC10SA                      
00000200  usci_uart_tx_buffer          
00000240  usci_uart_rx_event           
00000244  usci_uart_tx_event           
00000248  usci_uart_rx_error_event     
0000024c  usci_uart_rx_buffer          
00000254  usci_uart_tx_pending         
00000296  timeout_FLAG                 
00000298  tx_char_pending              
0000029a  rxc                          
0000029c  timer_uart_tx_event          
000002a0  timer_uart_rx_event          
000002a4  timer1_isr_next_step         
000002a6  rx_bits                      
000002a8  arafe_command                
000002a9  arafe_argument               
000002aa  event_head                   
000002ac  dump_status                  
000002ae  m                            
000002b6  usci_uart_tx_buffer_write_ptr
000002b7  usci_uart_rx_buffer_write_ptr
000002b8  usci_uart_rx_buffer_read_ptr 
000002b9  usci_uart_tx_buffer_read_ptr 
000002ba  rx_ok                        
000003b0  _stack                       
00000400  __STACK_END                  
000010c0  TLV_CHECKSUM                 
000010da  TLV_ADC10_1_TAG              
000010db  TLV_ADC10_1_LEN              
000010f6  TLV_DCO_30_TAG               
000010f7  TLV_DCO_30_LEN               
000010f8  CALDCO_16MHZ                 
000010f9  CALBC1_16MHZ                 
000010fa  CALDCO_12MHZ                 
000010fb  CALBC1_12MHZ                 
000010fc  CALDCO_8MHZ                  
000010fd  CALBC1_8MHZ                  
000010fe  CALDCO_1MHZ                  
000010ff  CALBC1_1MHZ                  
0000c000  arafe_tx_handler             
0000c754  cli_process_char             
0000c8c0  usci_uart_printf             
0000c9ec  check_arguments              
0000cac4  main                         
0000cd26  _auto_init                   
0000cd7e  usci_rx_char                 
0000cdba  cmd_5v                       
0000cdea  cmd_trig                     
0000ce16  cmd_write                    
0000ce42  __mspabi_srai                
0000ce4e  __mspabi_srai_15             
0000ce50  __mspabi_srai_14             
0000ce52  __mspabi_srai_13             
0000ce54  __mspabi_srai_12             
0000ce56  __mspabi_srai_11             
0000ce58  __mspabi_srai_10             
0000ce5a  __mspabi_srai_9              
0000ce5c  __mspabi_srai_8              
0000ce5e  __mspabi_srai_7              
0000ce60  __mspabi_srai_6              
0000ce62  __mspabi_srai_5              
0000ce64  __mspabi_srai_4              
0000ce66  __mspabi_srai_3              
0000ce68  __mspabi_srai_2              
0000ce6a  __mspabi_srai_1              
0000ce6e  usci_uart_tx_process         
0000ce9a  cmd_control                  
0000cec4  cmd_read                     
0000ceee  cmd_sensor                   
0000cf18  cmd_sig                      
0000cf40  usci_uart_puts               
0000cf7e  _c_int00_noargs_noexit       
0000cf98  cmd_dump                     
0000cfaa  __TI_decompress_none         
0000cfbc  memcpy                       
0000cfcc  __mspabi_func_epilog_7       
0000cfce  __mspabi_func_epilog_6       
0000cfd0  __mspabi_func_epilog_5       
0000cfd2  __mspabi_func_epilog_4       
0000cfd4  __mspabi_func_epilog_3       
0000cfd6  __mspabi_func_epilog_2       
0000cfd8  __mspabi_func_epilog_1       
0000cfdc  timeout_isr                  
0000cfec  cmd_flash                    
0000cffa  arafe_send_command           
0000d002  cli_print_prompt             
0000d00a  __TI_ISR_TRAP                
0000d010  _system_pre_init             
0000d014  C$$EXIT                      
0000d014  abort                        
0000d018  event_ignore                 
0000d2c6  __TI_Handler_Table_Base      
0000d2c8  __TI_CINIT_Base              
0000d2c8  __TI_Handler_Table_Limit     
0000d2cc  __TI_CINIT_Limit             
0000ffe0  __TI_int00                   
0000ffe4  __TI_int02                   
0000ffe6  __TI_int03                   
0000ffea  __TI_int05                   
0000ffec  __TI_int06                   
0000ffee  __TI_int07                   
0000fff0  __TI_int08                   
0000fff2  __TI_int09                   
0000fff4  __TI_int10                   
0000fff6  __TI_int11                   
0000fff8  __TI_int12                   
0000fffa  __TI_int13                   
0000fffc  __TI_int14                   
0000fffe  _reset_vector                
ffffffff  __binit__                    
ffffffff  __c_args__                   
ffffffff  binit                        
UNDEFED   __TI_INITARRAY_Base          
UNDEFED   __TI_INITARRAY_Limit         

[199 symbols]
